ERROR Error on line 1 char 5: Document ended unexpectedly inside the close tag for an unopened element
