ERROR Error on line 1 char 5: Odd character “\xfc”, expected a “=” after attribute name “r” of element “”
