ERROR Error on line 1 char 7908: Too many attributes in element “r”
